Collecting pjrt-plugin-tt @ https://pypi.eng.aws.tenstorrent.com/pjrt-plugin-tt/pjrt_plugin_tt-1.5.0.dev20260831000501-cp312-cp312-manylinux_2_34_x86_64.whl#sha256=bfa7dd0834abb55cf37bf2fe57214d0a1074738155175cd0e177b6e1d5408bc1 (from -r artifacts/offline-ci/environment/resolved-compiler.lock (line 44))
  Downloading pjrt_plugin_tt-1.5.0.dev20260831000501-cp312-cp312-manylinux_2_34_x86_64.whl (169.6 MB)
     ━━━━━━━━━━━━━━━━━━━━━━━━━━━━━━━━━━━━━━━━ 169.6/169.6 MB 78.4 MB/s  0:00:02
Collecting torch @ https://download.pytorch.org/whl/cpu/torch-2.11.0%2Bcpu-cp312-cp312-manylinux_2_28_x86_64.whl#sha256=f82e2ae20c1545bb03997d1cc3143d94e14b800038669ee1aca45808a9acc338 (from -r artifacts/offline-ci/environment/resolved-compiler.lock (line 66))
  Downloading torch-2.11.0%2Bcpu-cp312-cp312-manylinux_2_28_x86_64.whl (190.3 MB)
     ━━━━━━━━━━━━━━━━━━━━━━━━━━━━━━━━━━━━━━━━ 190.3/190.3 MB 252.3 MB/s  0:00:00
Collecting torch-xla @ https://pypi.eng.aws.tenstorrent.com/torch-xla/torch_xla-2.9.0%2Bgited8a445-cp312-cp312-linux_x86_64.whl#sha256=6f85f701ab5b45e8aa404e4ed0a35b59cf1eec9b0a61578ccdf3600e0336f1f0 (from -r artifacts/offline-ci/environment/resolved-compiler.lock (line 67))
  Downloading torch_xla-2.9.0%2Bgited8a445-cp312-cp312-linux_x86_64.whl (107.2 MB)
     ━━━━━━━━━━━━━━━━━━━━━━━━━━━━━━━━━━━━━━━━ 107.2/107.2 MB 269.4 MB/s  0:00:00
Collecting tt-lang @ https://pypi.eng.aws.tenstorrent.com/2026-07/tt-lang/tt_lang-1.1.5.dev20260704%2Blight-cp312-cp312-manylinux_2_34_x86_64.whl#sha256=2bfee48e61a7405bb4cff110e4b7b8dfe002228fc8eb955d39c62da1316f7bae (from -r artifacts/offline-ci/environment/resolved-compiler.lock (line 70))
  Downloading tt_lang-1.1.5.dev20260704%2Blight-cp312-cp312-manylinux_2_34_x86_64.whl (76.0 MB)
     ━━━━━━━━━━━━━━━━━━━━━━━━━━━━━━━━━━━━━━━━ 76.0/76.0 MB 344.6 MB/s  0:00:00
Collecting absl-py==2.5.0 (from -r artifacts/offline-ci/environment/resolved-compiler.lock (line 1))
  Downloading absl_py-2.5.0-py3-none-any.whl.metadata (3.3 kB)
Collecting annotated-doc==0.0.5 (from -r artifacts/offline-ci/environment/resolved-compiler.lock (line 2))
  Downloading annotated_doc-0.0.5-py3-none-any.whl.metadata (6.5 kB)
Collecting annotated-types==0.8.0 (from -r artifacts/offline-ci/environment/resolved-compiler.lock (line 3))
  Downloading annotated_types-0.8.0-py3-none-any.whl.metadata (15 kB)
Collecting anyio==4.15.1 (from -r artifacts/offline-ci/environment/resolved-compiler.lock (line 4))
  Downloading anyio-4.15.1-py3-none-any.whl.metadata (4.7 kB)
Collecting attrs==26.1.0 (from -r artifacts/offline-ci/environment/resolved-compiler.lock (line 5))
  Downloading attrs-26.1.0-py3-none-any.whl.metadata (8.8 kB)
Collecting certifi==2026.7.22 (from -r artifacts/offline-ci/environment/resolved-compiler.lock (line 6))
  Downloading certifi-2026.7.22-py3-none-any.whl.metadata (2.5 kB)
Collecting charset-normalizer==3.5.1 (from -r artifacts/offline-ci/environment/resolved-compiler.lock (line 7))
  Downloading charset_normalizer-3.5.1-cp312-cp312-manylinux2014_x86_64.manylinux_2_17_x86_64.manylinux_2_28_x86_64.whl.metadata (45 kB)
Collecting click==8.3.1 (from -r artifacts/offline-ci/environment/resolved-compiler.lock (line 8))
  Downloading click-8.3.1-py3-none-any.whl.metadata (2.6 kB)
Collecting cmake==3.31.6 (from -r artifacts/offline-ci/environment/resolved-compiler.lock (line 9))
  Downloading cmake-3.31.6-py3-none-manylinux_2_17_x86_64.manylinux2014_x86_64.whl.metadata (6.3 kB)
Collecting contourpy==1.4.0 (from -r artifacts/offline-ci/environment/resolved-compiler.lock (line 10))
  Downloading contourpy-1.4.0-cp312-cp312-manylinux_2_27_x86_64.manylinux_2_28_x86_64.whl.metadata (3.8 kB)
Collecting cycler==0.12.1 (from -r artifacts/offline-ci/environment/resolved-compiler.lock (line 11))
  Downloading cycler-0.12.1-py3-none-any.whl.metadata (3.8 kB)
Collecting filelock==4.0.3 (from -r artifacts/offline-ci/environment/resolved-compiler.lock (line 12))
  Downloading filelock-4.0.3-py3-none-any.whl.metadata (2.0 kB)
Collecting fonttools==4.66.0 (from -r artifacts/offline-ci/environment/resolved-compiler.lock (line 13))
  Downloading fonttools-4.66.0-cp312-cp312-manylinux2014_x86_64.manylinux_2_17_x86_64.whl.metadata (129 kB)
Collecting fsspec==2026.9.0 (from -r artifacts/offline-ci/environment/resolved-compiler.lock (line 14))
  Downloading fsspec-2026.9.0-py3-none-any.whl.metadata (10 kB)
Collecting graphviz==0.21 (from -r artifacts/offline-ci/environment/resolved-compiler.lock (line 15))
  Downloading graphviz-0.21-py3-none-any.whl.metadata (12 kB)
Collecting greenlet==3.5.6 (from -r artifacts/offline-ci/environment/resolved-compiler.lock (line 16))
  Downloading greenlet-3.5.6-cp312-cp312-manylinux_2_24_x86_64.manylinux_2_28_x86_64.whl.metadata (3.8 kB)
Collecting h11==0.16.0 (from -r artifacts/offline-ci/environment/resolved-compiler.lock (line 17))
  Downloading h11-0.16.0-py3-none-any.whl.metadata (8.3 kB)
Collecting hf-xet==1.6.0 (from -r artifacts/offline-ci/environment/resolved-compiler.lock (line 18))
  Downloading hf_xet-1.6.0-cp38-abi3-manylinux2014_x86_64.manylinux_2_17_x86_64.whl.metadata (4.9 kB)
Collecting httpcore==1.0.9 (from -r artifacts/offline-ci/environment/resolved-compiler.lock (line 19))
  Downloading httpcore-1.0.9-py3-none-any.whl.metadata (21 kB)
Collecting httpx==0.28.1 (from -r artifacts/offline-ci/environment/resolved-compiler.lock (line 20))
  Downloading httpx-0.28.1-py3-none-any.whl.metadata (7.1 kB)
Collecting huggingface_hub==1.16.1 (from -r artifacts/offline-ci/environment/resolved-compiler.lock (line 21))
  Downloading huggingface_hub-1.16.1-py3-none-any.whl.metadata (14 kB)
Collecting idna==3.20 (from -r artifacts/offline-ci/environment/resolved-compiler.lock (line 22))
  Downloading idna-3.20-py3-none-any.whl.metadata (7.2 kB)
Collecting iniconfig==2.3.0 (from -r artifacts/offline-ci/environment/resolved-compiler.lock (line 23))
  Downloading iniconfig-2.3.0-py3-none-any.whl.metadata (2.5 kB)
Collecting jax==0.7.1 (from -r artifacts/offline-ci/environment/resolved-compiler.lock (line 24))
  Downloading jax-0.7.1-py3-none-any.whl.metadata (13 kB)
Collecting jaxlib==0.7.1 (from -r artifacts/offline-ci/environment/resolved-compiler.lock (line 25))
  Downloading jaxlib-0.7.1-cp312-cp312-manylinux_2_27_x86_64.whl.metadata (1.3 kB)
Collecting Jinja2==3.1.6 (from -r artifacts/offline-ci/environment/resolved-compiler.lock (line 26))
  Downloading jinja2-3.1.6-py3-none-any.whl.metadata (2.9 kB)
Collecting jsonschema==4.26.0 (from -r artifacts/offline-ci/environment/resolved-compiler.lock (line 27))
  Downloading jsonschema-4.26.0-py3-none-any.whl.metadata (7.6 kB)
Collecting jsonschema-specifications==2025.9.1 (from -r artifacts/offline-ci/environment/resolved-compiler.lock (line 28))
  Downloading jsonschema_specifications-2025.9.1-py3-none-any.whl.metadata (2.9 kB)
Collecting kiwisolver==1.5.1 (from -r artifacts/offline-ci/environment/resolved-compiler.lock (line 29))
  Downloading kiwisolver-1.5.1-cp312-cp312-manylinux2014_x86_64.manylinux_2_17_x86_64.whl.metadata (5.2 kB)
Collecting loguru==0.7.3 (from -r artifacts/offline-ci/environment/resolved-compiler.lock (line 30))
  Downloading loguru-0.7.3-py3-none-any.whl.metadata (22 kB)
Collecting markdown-it-py==4.2.0 (from -r artifacts/offline-ci/environment/resolved-compiler.lock (line 31))
  Downloading markdown_it_py-4.2.0-py3-none-any.whl.metadata (7.4 kB)
Collecting MarkupSafe==3.0.3 (from -r artifacts/offline-ci/environment/resolved-compiler.lock (line 32))
  Downloading markupsafe-3.0.3-cp312-cp312-manylinux2014_x86_64.manylinux_2_17_x86_64.manylinux_2_28_x86_64.whl.metadata (2.7 kB)
Collecting matplotlib==3.11.2 (from -r artifacts/offline-ci/environment/resolved-compiler.lock (line 33))
  Downloading matplotlib-3.11.2-cp312-cp312-manylinux2014_x86_64.manylinux_2_17_x86_64.whl.metadata (80 kB)
Collecting mdurl==0.1.2 (from -r artifacts/offline-ci/environment/resolved-compiler.lock (line 34))
  Downloading mdurl-0.1.2-py3-none-any.whl.metadata (1.6 kB)
Collecting ml_dtypes==0.6.0 (from -r artifacts/offline-ci/environment/resolved-compiler.lock (line 35))
  Downloading ml_dtypes-0.6.0-cp312-cp312-manylinux_2_27_x86_64.manylinux_2_28_x86_64.whl.metadata (8.8 kB)
Collecting mpmath==1.3.0 (from -r artifacts/offline-ci/environment/resolved-compiler.lock (line 36))
  Downloading mpmath-1.3.0-py3-none-any.whl.metadata (8.6 kB)
Collecting nanobind==2.10.2 (from -r artifacts/offline-ci/environment/resolved-compiler.lock (line 37))
  Downloading nanobind-2.10.2-py3-none-any.whl.metadata (1.8 kB)
Collecting networkx==3.6.1 (from -r artifacts/offline-ci/environment/resolved-compiler.lock (line 38))
  Downloading networkx-3.6.1-py3-none-any.whl.metadata (6.8 kB)
Collecting numpy==2.4.6 (from -r artifacts/offline-ci/environment/resolved-compiler.lock (line 39))
  Downloading numpy-2.4.6-cp312-cp312-manylinux_2_27_x86_64.manylinux_2_28_x86_64.whl.metadata (6.6 kB)
Collecting opt_einsum==3.4.0 (from -r artifacts/offline-ci/environment/resolved-compiler.lock (line 40))
  Downloading opt_einsum-3.4.0-py3-none-any.whl.metadata (6.3 kB)
Collecting packaging==26.3 (from -r artifacts/offline-ci/environment/resolved-compiler.lock (line 41))
  Downloading packaging-26.3-py3-none-any.whl.metadata (3.5 kB)
Collecting pandas==3.0.0 (from -r artifacts/offline-ci/environment/resolved-compiler.lock (line 42))
  Downloading pandas-3.0.0-cp312-cp312-manylinux_2_24_x86_64.manylinux_2_28_x86_64.whl.metadata (79 kB)
Collecting pillow==12.3.0 (from -r artifacts/offline-ci/environment/resolved-compiler.lock (line 43))
  Downloading pillow-12.3.0-cp312-cp312-manylinux_2_27_x86_64.manylinux_2_28_x86_64.whl.metadata (9.1 kB)
Collecting pluggy==1.6.0 (from -r artifacts/offline-ci/environment/resolved-compiler.lock (line 45))
  Downloading pluggy-1.6.0-py3-none-any.whl.metadata (4.8 kB)
Collecting pydantic==2.13.5 (from -r artifacts/offline-ci/environment/resolved-compiler.lock (line 46))
  Downloading pydantic-2.13.5-py3-none-any.whl.metadata (110 kB)
Collecting pydantic_core==2.46.5 (from -r artifacts/offline-ci/environment/resolved-compiler.lock (line 47))
  Downloading pydantic_core-2.46.5-cp312-cp312-manylinux_2_17_x86_64.manylinux2014_x86_64.whl.metadata (6.6 kB)
Collecting Pygments==2.21.0 (from -r artifacts/offline-ci/environment/resolved-compiler.lock (line 48))
  Downloading pygments-2.21.0-py3-none-any.whl.metadata (2.5 kB)
Collecting pyparsing==3.3.3 (from -r artifacts/offline-ci/environment/resolved-compiler.lock (line 49))
  Downloading pyparsing-3.3.3-py3-none-any.whl.metadata (5.9 kB)
Collecting pytest==9.1.1 (from -r artifacts/offline-ci/environment/resolved-compiler.lock (line 50))
  Downloading pytest-9.1.1-py3-none-any.whl.metadata (7.6 kB)
Collecting python-dateutil==2.9.0.post0 (from -r artifacts/offline-ci/environment/resolved-compiler.lock (line 51))
  Downloading python_dateutil-2.9.0.post0-py2.py3-none-any.whl.metadata (8.4 kB)
Collecting PyYAML==6.0.3 (from -r artifacts/offline-ci/environment/resolved-compiler.lock (line 52))
  Downloading pyyaml-6.0.3-cp312-cp312-manylinux2014_x86_64.manylinux_2_17_x86_64.manylinux_2_28_x86_64.whl.metadata (2.4 kB)
Collecting referencing==0.37.0 (from -r artifacts/offline-ci/environment/resolved-compiler.lock (line 53))
  Downloading referencing-0.37.0-py3-none-any.whl.metadata (2.8 kB)
Collecting regex==2026.9.10 (from -r artifacts/offline-ci/environment/resolved-compiler.lock (line 54))
  Downloading regex-2026.9.10-cp312-cp312-manylinux2014_x86_64.manylinux_2_17_x86_64.manylinux_2_28_x86_64.whl.metadata (40 kB)
Collecting requests==2.34.2 (from -r artifacts/offline-ci/environment/resolved-compiler.lock (line 55))
  Downloading requests-2.34.2-py3-none-any.whl.metadata (4.8 kB)
Collecting rich==15.0.0 (from -r artifacts/offline-ci/environment/resolved-compiler.lock (line 56))
  Downloading rich-15.0.0-py3-none-any.whl.metadata (18 kB)
Collecting rpds-py==2026.6.3 (from -r artifacts/offline-ci/environment/resolved-compiler.lock (line 57))
  Downloading rpds_py-2026.6.3-cp312-cp312-manylinux_2_17_x86_64.manylinux2014_x86_64.whl.metadata (4.1 kB)
Collecting safetensors==0.8.0 (from -r artifacts/offline-ci/environment/resolved-compiler.lock (line 58))
  Downloading safetensors-0.8.0-cp310-abi3-manylinux_2_17_x86_64.manylinux2014_x86_64.whl.metadata (4.2 kB)
Collecting scipy==1.18.1 (from -r artifacts/offline-ci/environment/resolved-compiler.lock (line 59))
  Downloading scipy-1.18.1-cp312-cp312-manylinux_2_27_x86_64.manylinux_2_28_x86_64.whl.metadata (62 kB)
Collecting seaborn==0.13.2 (from -r artifacts/offline-ci/environment/resolved-compiler.lock (line 60))
  Downloading seaborn-0.13.2-py3-none-any.whl.metadata (5.4 kB)
Collecting setuptools==81.0.0 (from -r artifacts/offline-ci/environment/resolved-compiler.lock (line 61))
  Downloading setuptools-81.0.0-py3-none-any.whl.metadata (6.6 kB)
Collecting shellingham==1.5.4 (from -r artifacts/offline-ci/environment/resolved-compiler.lock (line 62))
  Downloading shellingham-1.5.4-py2.py3-none-any.whl.metadata (3.5 kB)
Collecting six==1.17.0 (from -r artifacts/offline-ci/environment/resolved-compiler.lock (line 63))
  Downloading six-1.17.0-py2.py3-none-any.whl.metadata (1.7 kB)
Collecting sympy==1.14.0 (from -r artifacts/offline-ci/environment/resolved-compiler.lock (line 64))
  Downloading sympy-1.14.0-py3-none-any.whl.metadata (12 kB)
Collecting tokenizers==0.23.2 (from -r artifacts/offline-ci/environment/resolved-compiler.lock (line 65))
  Downloading tokenizers-0.23.2-cp310-abi3-manylinux_2_17_x86_64.manylinux2014_x86_64.whl.metadata (9.8 kB)
Collecting tqdm==4.70.1 (from -r artifacts/offline-ci/environment/resolved-compiler.lock (line 68))
  Downloading tqdm-4.70.1-py3-none-any.whl.metadata (57 kB)
Collecting transformers==5.17.0 (from -r artifacts/offline-ci/environment/resolved-compiler.lock (line 69))
  Downloading transformers-5.17.0-py3-none-any.whl.metadata (32 kB)
Collecting typer==0.27.2 (from -r artifacts/offline-ci/environment/resolved-compiler.lock (line 71))
  Downloading typer-0.27.2-py3-none-any.whl.metadata (16 kB)
Collecting typing-inspection==0.4.4 (from -r artifacts/offline-ci/environment/resolved-compiler.lock (line 72))
  Downloading typing_inspection-0.4.4-py3-none-any.whl.metadata (2.6 kB)
Collecting typing_extensions==4.16.0 (from -r artifacts/offline-ci/environment/resolved-compiler.lock (line 73))
  Downloading typing_extensions-4.16.0-py3-none-any.whl.metadata (3.3 kB)
Collecting urllib3==2.8.0 (from -r artifacts/offline-ci/environment/resolved-compiler.lock (line 74))
  Downloading urllib3-2.8.0-py3-none-any.whl.metadata (7.4 kB)
Collecting websockets==16.0 (from -r artifacts/offline-ci/environment/resolved-compiler.lock (line 75))
  Downloading websockets-16.0-cp312-cp312-manylinux1_x86_64.manylinux_2_28_x86_64.manylinux_2_5_x86_64.whl.metadata (6.8 kB)
Downloading absl_py-2.5.0-py3-none-any.whl (137 kB)
Downloading annotated_doc-0.0.5-py3-none-any.whl (5.3 kB)
Downloading annotated_types-0.8.0-py3-none-any.whl (13 kB)
Downloading anyio-4.15.1-py3-none-any.whl (132 kB)
Downloading attrs-26.1.0-py3-none-any.whl (67 kB)
Downloading certifi-2026.7.22-py3-none-any.whl (136 kB)
Downloading charset_normalizer-3.5.1-cp312-cp312-manylinux2014_x86_64.manylinux_2_17_x86_64.manylinux_2_28_x86_64.whl (248 kB)
Downloading click-8.3.1-py3-none-any.whl (108 kB)
Downloading cmake-3.31.6-py3-none-manylinux_2_17_x86_64.manylinux2014_x86_64.whl (27.8 MB)
   ━━━━━━━━━━━━━━━━━━━━━━━━━━━━━━━━━━━━━━━━ 27.8/27.8 MB 219.6 MB/s  0:00:00
Downloading contourpy-1.4.0-cp312-cp312-manylinux_2_27_x86_64.manylinux_2_28_x86_64.whl (383 kB)
Downloading cycler-0.12.1-py3-none-any.whl (8.3 kB)
Downloading filelock-4.0.3-py3-none-any.whl (108 kB)
Downloading fonttools-4.66.0-cp312-cp312-manylinux2014_x86_64.manylinux_2_17_x86_64.whl (5.4 MB)
   ━━━━━━━━━━━━━━━━━━━━━━━━━━━━━━━━━━━━━━━━ 5.4/5.4 MB 352.1 MB/s  0:00:00
Downloading fsspec-2026.9.0-py3-none-any.whl (221 kB)
Downloading graphviz-0.21-py3-none-any.whl (47 kB)
Downloading greenlet-3.5.6-cp312-cp312-manylinux_2_24_x86_64.manylinux_2_28_x86_64.whl (621 kB)
   ━━━━━━━━━━━━━━━━━━━━━━━━━━━━━━━━━━━━━━━━ 621.4/621.4 kB 143.2 MB/s  0:00:00
Downloading h11-0.16.0-py3-none-any.whl (37 kB)
Downloading hf_xet-1.6.0-cp38-abi3-manylinux2014_x86_64.manylinux_2_17_x86_64.whl (4.5 MB)
   ━━━━━━━━━━━━━━━━━━━━━━━━━━━━━━━━━━━━━━━━ 4.5/4.5 MB 328.9 MB/s  0:00:00
Downloading httpcore-1.0.9-py3-none-any.whl (78 kB)
Downloading httpx-0.28.1-py3-none-any.whl (73 kB)
Downloading huggingface_hub-1.16.1-py3-none-any.whl (668 kB)
   ━━━━━━━━━━━━━━━━━━━━━━━━━━━━━━━━━━━━━━━━ 668.2/668.2 kB 139.9 MB/s  0:00:00
Downloading idna-3.20-py3-none-any.whl (69 kB)
Downloading iniconfig-2.3.0-py3-none-any.whl (7.5 kB)
Downloading jax-0.7.1-py3-none-any.whl (2.8 MB)
   ━━━━━━━━━━━━━━━━━━━━━━━━━━━━━━━━━━━━━━━━ 2.8/2.8 MB 322.4 MB/s  0:00:00
Downloading jaxlib-0.7.1-cp312-cp312-manylinux_2_27_x86_64.whl (81.2 MB)
   ━━━━━━━━━━━━━━━━━━━━━━━━━━━━━━━━━━━━━━━━ 81.2/81.2 MB 337.3 MB/s  0:00:00
Downloading jinja2-3.1.6-py3-none-any.whl (134 kB)
Downloading jsonschema-4.26.0-py3-none-any.whl (90 kB)
Downloading jsonschema_specifications-2025.9.1-py3-none-any.whl (18 kB)
Downloading kiwisolver-1.5.1-cp312-cp312-manylinux2014_x86_64.manylinux_2_17_x86_64.whl (1.5 MB)
   ━━━━━━━━━━━━━━━━━━━━━━━━━━━━━━━━━━━━━━━━ 1.5/1.5 MB 259.0 MB/s  0:00:00
Downloading loguru-0.7.3-py3-none-any.whl (61 kB)
Downloading markdown_it_py-4.2.0-py3-none-any.whl (91 kB)
Downloading markupsafe-3.0.3-cp312-cp312-manylinux2014_x86_64.manylinux_2_17_x86_64.manylinux_2_28_x86_64.whl (22 kB)
Downloading matplotlib-3.11.2-cp312-cp312-manylinux2014_x86_64.manylinux_2_17_x86_64.whl (9.9 MB)
   ━━━━━━━━━━━━━━━━━━━━━━━━━━━━━━━━━━━━━━━━ 9.9/9.9 MB 324.2 MB/s  0:00:00
Downloading mdurl-0.1.2-py3-none-any.whl (10.0 kB)
Downloading ml_dtypes-0.6.0-cp312-cp312-manylinux_2_27_x86_64.manylinux_2_28_x86_64.whl (409 kB)
Downloading mpmath-1.3.0-py3-none-any.whl (536 kB)
   ━━━━━━━━━━━━━━━━━━━━━━━━━━━━━━━━━━━━━━━━ 536.2/536.2 kB 122.5 MB/s  0:00:00
Downloading nanobind-2.10.2-py3-none-any.whl (246 kB)
Downloading networkx-3.6.1-py3-none-any.whl (2.1 MB)
   ━━━━━━━━━━━━━━━━━━━━━━━━━━━━━━━━━━━━━━━━ 2.1/2.1 MB 308.7 MB/s  0:00:00
Downloading numpy-2.4.6-cp312-cp312-manylinux_2_27_x86_64.manylinux_2_28_x86_64.whl (16.6 MB)
   ━━━━━━━━━━━━━━━━━━━━━━━━━━━━━━━━━━━━━━━━ 16.6/16.6 MB 329.6 MB/s  0:00:00
Downloading opt_einsum-3.4.0-py3-none-any.whl (71 kB)
Downloading packaging-26.3-py3-none-any.whl (129 kB)
Downloading pandas-3.0.0-cp312-cp312-manylinux_2_24_x86_64.manylinux_2_28_x86_64.whl (10.9 MB)
   ━━━━━━━━━━━━━━━━━━━━━━━━━━━━━━━━━━━━━━━━ 10.9/10.9 MB 295.1 MB/s  0:00:00
Downloading pillow-12.3.0-cp312-cp312-manylinux_2_27_x86_64.manylinux_2_28_x86_64.whl (6.9 MB)
   ━━━━━━━━━━━━━━━━━━━━━━━━━━━━━━━━━━━━━━━━ 6.9/6.9 MB 330.9 MB/s  0:00:00
Downloading pluggy-1.6.0-py3-none-any.whl (20 kB)
Downloading pydantic-2.13.5-py3-none-any.whl (472 kB)
Downloading pydantic_core-2.46.5-cp312-cp312-manylinux_2_17_x86_64.manylinux2014_x86_64.whl (2.1 MB)
   ━━━━━━━━━━━━━━━━━━━━━━━━━━━━━━━━━━━━━━━━ 2.1/2.1 MB 294.9 MB/s  0:00:00
Downloading pygments-2.21.0-py3-none-any.whl (1.3 MB)
   ━━━━━━━━━━━━━━━━━━━━━━━━━━━━━━━━━━━━━━━━ 1.3/1.3 MB 255.3 MB/s  0:00:00
Downloading pyparsing-3.3.3-py3-none-any.whl (126 kB)
Downloading pytest-9.1.1-py3-none-any.whl (386 kB)
Downloading python_dateutil-2.9.0.post0-py2.py3-none-any.whl (229 kB)
Downloading pyyaml-6.0.3-cp312-cp312-manylinux2014_x86_64.manylinux_2_17_x86_64.manylinux_2_28_x86_64.whl (807 kB)
   ━━━━━━━━━━━━━━━━━━━━━━━━━━━━━━━━━━━━━━━━ 807.9/807.9 kB 175.3 MB/s  0:00:00
Downloading referencing-0.37.0-py3-none-any.whl (26 kB)
Downloading regex-2026.9.10-cp312-cp312-manylinux2014_x86_64.manylinux_2_17_x86_64.manylinux_2_28_x86_64.whl (804 kB)
   ━━━━━━━━━━━━━━━━━━━━━━━━━━━━━━━━━━━━━━━━ 804.6/804.6 kB 185.0 MB/s  0:00:00
Downloading requests-2.34.2-py3-none-any.whl (73 kB)
Downloading rich-15.0.0-py3-none-any.whl (310 kB)
Downloading rpds_py-2026.6.3-cp312-cp312-manylinux_2_17_x86_64.manylinux2014_x86_64.whl (366 kB)
Downloading safetensors-0.8.0-cp310-abi3-manylinux_2_17_x86_64.manylinux2014_x86_64.whl (516 kB)
Downloading scipy-1.18.1-cp312-cp312-manylinux_2_27_x86_64.manylinux_2_28_x86_64.whl (35.3 MB)
   ━━━━━━━━━━━━━━━━━━━━━━━━━━━━━━━━━━━━━━━━ 35.3/35.3 MB 300.5 MB/s  0:00:00
Downloading seaborn-0.13.2-py3-none-any.whl (294 kB)
Downloading setuptools-81.0.0-py3-none-any.whl (1.1 MB)
   ━━━━━━━━━━━━━━━━━━━━━━━━━━━━━━━━━━━━━━━━ 1.1/1.1 MB 214.1 MB/s  0:00:00
Downloading shellingham-1.5.4-py2.py3-none-any.whl (9.8 kB)
Downloading six-1.17.0-py2.py3-none-any.whl (11 kB)
Downloading sympy-1.14.0-py3-none-any.whl (6.3 MB)
   ━━━━━━━━━━━━━━━━━━━━━━━━━━━━━━━━━━━━━━━━ 6.3/6.3 MB 343.3 MB/s  0:00:00
Downloading tokenizers-0.23.2-cp310-abi3-manylinux_2_17_x86_64.manylinux2014_x86_64.whl (3.4 MB)
   ━━━━━━━━━━━━━━━━━━━━━━━━━━━━━━━━━━━━━━━━ 3.4/3.4 MB 362.1 MB/s  0:00:00
Downloading tqdm-4.70.1-py3-none-any.whl (80 kB)
Downloading transformers-5.17.0-py3-none-any.whl (12.3 MB)
   ━━━━━━━━━━━━━━━━━━━━━━━━━━━━━━━━━━━━━━━━ 12.3/12.3 MB 324.4 MB/s  0:00:00
Downloading typer-0.27.2-py3-none-any.whl (123 kB)
Downloading typing_inspection-0.4.4-py3-none-any.whl (14 kB)
Downloading typing_extensions-4.16.0-py3-none-any.whl (45 kB)
Downloading urllib3-2.8.0-py3-none-any.whl (135 kB)
Downloading websockets-16.0-cp312-cp312-manylinux1_x86_64.manylinux_2_28_x86_64.manylinux_2_5_x86_64.whl (184 kB)
Installing collected packages: nanobind, mpmath, websockets, urllib3, typing-inspection, typing_extensions, typer, tt-lang, transformers, tqdm, torch-xla, torch, tokenizers, sympy, six, shellingham, setuptools, seaborn, scipy, safetensors, rpds-py, rich, requests, regex, referencing, PyYAML, python-dateutil, pytest, pyparsing, Pygments, pydantic_core, pydantic, pluggy, pjrt-plugin-tt, pillow, pandas, packaging, opt_einsum, numpy, networkx, ml_dtypes, mdurl, matplotlib, MarkupSafe, markdown-it-py, loguru, kiwisolver, jsonschema-specifications, jsonschema, Jinja2, jaxlib, jax, iniconfig, idna, huggingface_hub, httpx, httpcore, hf-xet, h11, greenlet, graphviz, fsspec, fonttools, filelock, cycler, contourpy, cmake, click, charset-normalizer, certifi, attrs, anyio, annotated-types, annotated-doc, absl-py

Successfully installed Jinja2-3.1.6 MarkupSafe-3.0.3 PyYAML-6.0.3 Pygments-2.21.0 absl-py-2.5.0 annotated-doc-0.0.5 annotated-types-0.8.0 anyio-4.15.1 attrs-26.1.0 certifi-2026.7.22 charset-normalizer-3.5.1 click-8.3.1 cmake-3.31.6 contourpy-1.4.0 cycler-0.12.1 filelock-4.0.3 fonttools-4.66.0 fsspec-2026.9.0 graphviz-0.21 greenlet-3.5.6 h11-0.16.0 hf-xet-1.6.0 httpcore-1.0.9 httpx-0.28.1 huggingface_hub-1.16.1 idna-3.20 iniconfig-2.3.0 jax-0.7.1 jaxlib-0.7.1 jsonschema-4.26.0 jsonschema-specifications-2025.9.1 kiwisolver-1.5.1 loguru-0.7.3 markdown-it-py-4.2.0 matplotlib-3.11.2 mdurl-0.1.2 ml_dtypes-0.6.0 mpmath-1.3.0 nanobind-2.10.2 networkx-3.6.1 numpy-2.4.6 opt_einsum-3.4.0 packaging-26.3 pandas-3.0.0 pillow-12.3.0 pjrt-plugin-tt-1.5.0.dev20260831000501 pluggy-1.6.0 pydantic-2.13.5 pydantic_core-2.46.5 pyparsing-3.3.3 pytest-9.1.1 python-dateutil-2.9.0.post0 referencing-0.37.0 regex-2026.9.10 requests-2.34.2 rich-15.0.0 rpds-py-2026.6.3 safetensors-0.8.0 scipy-1.18.1 seaborn-0.13.2 setuptools-81.0.0 shellingham-1.5.4 six-1.17.0 sympy-1.14.0 tokenizers-0.23.2 torch-2.11.0+cpu torch-xla-2.9.0+gited8a445 tqdm-4.70.1 transformers-5.17.0 tt-lang-1.1.5.dev20260704+light typer-0.27.2 typing-inspection-0.4.4 typing_extensions-4.16.0 urllib3-2.8.0 websockets-16.0
Processing ./.
  Preparing metadata (pyproject.toml): started
  Preparing metadata (pyproject.toml): finished with status 'done'
Building wheels for collected packages: laya-tt
  Building wheel for laya-tt (pyproject.toml): started
  Building wheel for laya-tt (pyproject.toml): finished with status 'done'
  Created wheel for laya-tt: filename=laya_tt-0.1.0-py3-none-any.whl size=31137 sha256=a2c1db1f2a357c766480a793cfb719360b39f79926f7547402592cf5a9686126
  Stored in directory: /tmp/pip-ephem-wheel-cache-j0or16ca/wheels/53/de/13/0ab8b8584f743ebde54d15e93771922cb6519d22959e7133e1
Successfully built laya-tt
Installing collected packages: laya-tt
Successfully installed laya-tt-0.1.0
No broken requirements found.
[32m2026-09-25 04:47:34.479[0m | [33m[1mWARNING [0m | [36mtorch_plugin_tt[0m:[36m__init__[0m:[36m43[0m - [33m[1mTT plugin is setting XLA_STABLEHLO_COMPILE to 1. This is required for TT PJRT plugin to work correctly.[0m
